[www.piguetgalland.ch/fr/index.html]
[backblue.gif]
[fade.gif]
[index.html]
[www.piguetgalland.ch/app/uploads/2017/05/cropped-Banner_Piguet-Galland_03.jpg]
[www.piguetgalland.ch/app/themes/piguet-galland/stylea288.css]
[www.piguetgalland.ch/app/plugins/wp-accessibility/css/wpa-stylea288.css]
[www.piguetgalland.ch/app/plugins/wp-accessibility/js/skiplinks.webkita288.js]
[www.piguetgalland.ch/app/uploads/2017/05/Acheter_bien_immobilier_900x540-650x394.jpg]
[www.piguetgalland.ch/fr/nous-contacter/index.html]
[www.piguetgalland.ch/fr/carrieres/index.html]
[www.piguetgalland.ch/fr/projets-de-vie/orchestrer-le-patrimoine-commun/index.html]
[www.piguetgalland.ch/fr/projets-de-vie/assurer-lavenir-de-vos-enfants-et-les-installer-dans-la-vie/index.html]
[www.piguetgalland.ch/fr/projets-de-vie/se-separer-et-preserver-son-patrimoine/index.html]
[www.piguetgalland.ch/app/uploads/2017/06/Fotolia_106152636_Subscription_Monthly_M-400x220.jpg]
[www.piguetgalland.ch/fr/projets-de-vie/preserver-et-transmettre-votre-patrimoine/index.html]
[www.piguetgalland.ch/fr/projets-de-vie/lancer-votre-entreprise/index.html]
[www.piguetgalland.ch/fr/projets-de-vie/sinstaller-en-suisse-ou-ailleurs/index.html]
[www.piguetgalland.ch/app/uploads/2017/08/prevoyance-400x220.jpg]
[www.piguetgalland.ch/fr/projets-de-vie/optimiser-votre-patrimoine-professionnel-et-creer-de-la-valeur/index.html]
[www.piguetgalland.ch/fr/projets-de-vie/transmission-entreprise/index.html]
[www.piguetgalland.ch/fr/projets-de-vie/profiter-de-la-vie/index.html]
[www.piguetgalland.ch/app/uploads/2017/05/Banner_Piguet-Galland_03.jpg]
[www.piguetgalland.ch/fr/projets-de-vie/acquerir-ou-agrandir-votre-patrimoine-immobilier/index.html]
[www.piguetgalland.ch/fr/projets-de-vie/assurer-votre-qualite-de-vie-au-moment-de-la-retraite/index.html]
[www.piguetgalland.ch/app/uploads/2017/05/ciel_340x340_homepage.jpg]
[www.piguetgalland.ch/fr/services/investissement/index.html]
[www.piguetgalland.ch/fr/services/financement/index.html]
[www.piguetgalland.ch/app/uploads/2017/05/DSC_0569-e1503930344164-512x370.jpg]
[www.piguetgalland.ch/fr/services/prevoyance/index.html]
[www.piguetgalland.ch/fr/services/gestion-du-patrimoine-2/index.html]
[www.piguetgalland.ch/fr/projets-de-vie/partager-votre-succes-et-soutenir-des-initiatives-philanthropiques/index.html]
[www.piguetgalland.ch/app/uploads/2017/05/261015-piguet-512x370.jpg]
[www.piguetgalland.ch/fr/services/gerant-independant/index.html]
[www.piguetgalland.ch/fr/services/gestion-institutionnelle/index.html]
[www.piguetgalland.ch/fr/services/e-banking/index.html]
[www.piguetgalland.ch/app/uploads/2017/05/JCPerez.ch-Juan_Cris_Perez-Banque_Franck_Galland-2.jpg]
[www.piguetgalland.ch/fr/category/investissement/index.html]
[www.piguetgalland.ch/fr/6-regles-pour-investir-en-toute-serenite/index.html]
[www.piguetgalland.ch/fr/actualites/index.html]
[www.piguetgalland.ch/app/uploads/2017/05/DSC_0316-e1503930650644.jpg]
[www.piguetgalland.ch/fr/services/clients-prives/index.html]
[www.piguetgalland.ch/app/uploads/2017/05/Johnson_design_512x370-512x370.jpg]
[www.piguetgalland.ch/app/uploads/2017/05/Galland-1.jpg]
[www.piguetgalland.ch/fr/presentation-de-piguet-galland/index.html]
[www.piguetgalland.ch/app/uploads/2017/05/Piguet-512x370.jpg]
[www.piguetgalland.ch/fr/nos-engagements/index.html]
[www.piguetgalland.ch/fr/nos-sites/index.html]
[www.piguetgalland.ch/app/uploads/2017/05/Piguet_1.jpg]
[www.piguetgalland.ch/fr/category/piguet-galland/index.html]
[www.piguetgalland.ch/fr/category/prevoyance/index.html]
[www.piguetgalland.ch/app/uploads/2018/01/Fotolia_186756507_Subscription_Monthly_M-510x510.jpg]
[www.piguetgalland.ch/fr/category/entrepreneur/index.html]
[www.piguetgalland.ch/fr/category/certificats-d-actions/index.html]
[www.piguetgalland.ch/fr/category/points-sur-les-marches/index.html]
[www.piguetgalland.ch/fr/category/art-design/index.html]
[www.piguetgalland.ch/app/themes/piguet-galland/images/front/map/map-home.jpg]
[www.piguetgalland.ch/fr/cat_event/piguet-galland/index.html]
[www.piguetgalland.ch/fr/category/gerants-independants/index.html]
[www.piguetgalland.ch/fr/category/durabilite/index.html]
[www.piguetgalland.ch/fr/cat_event/investissement/index.html]
[www.piguetgalland.ch/fr/agenda/index.html]
[www.piguetgalland.ch/app/themes/piguet-galland/js/jquery5152.js]
[www.piguetgalland.ch/fr/events/raizers-investment-day-7-fevrier-a-geneve/index.html]
[www.piguetgalland.ch/app/themes/piguet-galland/js/script.min5152.js]
[www.piguetgalland.ch/fr/plan-du-site/index.html]
[www.piguetgalland.ch/app/themes/piguet-galland/js/custom/components/disclaimer5152.js]
[www.piguetgalland.ch/fr/optimiser-son-patrimoine-grace-a-la-prevoyance-professionnelle/index.html]
[www.piguetgalland.ch/fr/conditions-dutilisation/index.html]
[www.piguetgalland.ch/fr/fatca/index.html]
[player.vimeo.com/api/player5152.js]
[www.google.com/recaptcha/apia288.js]
[www.piguetgalland.ch/app/themes/piguet-galland/js/custom/recaptcha.callbacks5152.js]
[www.piguetgalland.ch/wp/wp-includes/js/imagesloaded.min55a0.js]
[www.piguetgalland.ch/wp/wp-includes/js/masonry.mind617.js]
[www.piguetgalland.ch/app/plugins/wp-accessibility/js/longdesc.button5152.js]
[www.piguetgalland.ch/app/themes/piguet-galland/js/vendor5152.js]
[www.piguetgalland.ch/fr/index.html]
[www.piguetgalland.ch/wp/wp-includes/js/wp-embed.mina288.js]
[www.piguetgalland.ch/app/themes/piguet-galland/fonts/suisse_neue/SuisseNeue-Light-WebS.eot]
[www.piguetgalland.ch/app/themes/piguet-galland/fonts/suisse_neue/SuisseNeue-Light-WebSd41d.eot]
[www.piguetgalland.ch/app/themes/piguet-galland/fonts/suisse_neue/SuisseNeue-Light-WebS.ttf]
[www.piguetgalland.ch/app/themes/piguet-galland/fonts/suisse_neue/SuisseNeue-Light-WebS.woff]
[www.piguetgalland.ch/app/themes/piguet-galland/fonts/icons/icomoonde5e.eot]
[www.piguetgalland.ch/app/themes/piguet-galland/fonts/icons/icomoonde5e.ttf]
[www.piguetgalland.ch/app/themes/piguet-galland/fonts/icons/icomoonde5e.woff]
[www.piguetgalland.ch/app/themes/piguet-galland/images/front/colorbox/overlay.png]
[www.piguetgalland.ch/app/themes/piguet-galland/images/front/colorbox/controls.png]
[www.piguetgalland.ch/app/themes/piguet-galland/images/front/colorbox/border.png]
[www.piguetgalland.ch/app/themes/piguet-galland/images/front/colorbox/loading_background.png]
[www.piguetgalland.ch/app/themes/piguet-galland/images/front/colorbox/loading.gif]
[www.piguetgalland.ch/app/themes/piguet-galland/images/front/push/ico-location.png]
[www.piguetgalland.ch/app/themes/piguet-galland/stylea288.css]
[www.piguetgalland.ch/app/plugins/wp-accessibility/css/wpa-stylea288.css]
[www.googletagmanager.com/gtm5445.html]
[www.piguetgalland.ch/fr/nous-contacter/index.html]
[www.piguetgalland.ch/app/uploads/2017/11/RessourcesHumaines_PIguetGalland2-1.jpg]
[www.piguetgalland.ch/fr/etre-contacte/index.html]
[www.piguetgalland.ch/app/uploads/2017/11/RessourcesHumaines_PIguetGalland2-1-910x530.jpg]
[www.piguetgalland.ch/app/themes/piguet-galland/images/front/player/pause.png]
[www.piguetgalland.ch/app/uploads/2017/06/Advisory-400x220.jpg]
[www.piguetgalland.ch/app/themes/piguet-galland/images/front/player/mini-play.png]
[www.piguetgalland.ch/app/uploads/2017/06/Compliance-400x220.jpg]
[www.piguetgalland.ch/app/uploads/2018/01/Mumode-400x220.jpg]
[www.piguetgalland.ch/fr/carrieres/index.html]
[www.piguetgalland.ch/app/uploads/2017/11/135679124_540x420_Mariage-1-532x416.jpg]
[www.piguetgalland.ch/app/uploads/2017/08/fotolia_25441349-300x192.jpg]
[www.piguetgalland.ch/app/uploads/2017/08/fotolia_162067706-300x192.jpg]
[www.piguetgalland.ch/app/uploads/2017/06/fotolia_106314439-e1506414486698-300x192.jpg]
[www.piguetgalland.ch/app/uploads/2017/07/Marco-Salmina-06-e1502112583927-224x314.jpg]
[www.piguetgalland.ch/app/uploads/2017/10/Olivier_Calloud_Piguet_Galland-400x220.jpg]
[www.piguetgalland.ch/app/uploads/2017/07/thomas-richter-56177-400x220.jpg]
[www.piguetgalland.ch/app/uploads/2017/11/114449465_900x540_enfants-650x394.jpg]
[www.piguetgalland.ch/fr/le-divorce-un-impact-plus-negatif-que-le-brexit-sur-votre-patrimoine/index.html]
[www.piguetgalland.ch/app/uploads/2017/05/Acheter_bien_immobilier_900x540-400x220.jpg]
[www.piguetgalland.ch/app/uploads/2017/07/91781017_retraite_800x540-400x220.jpg]
[www.piguetgalland.ch/fr/projets-de-vie/orchestrer-le-patrimoine-commun/index.html]
[www.piguetgalland.ch/app/uploads/2017/11/114449465_900x540_enfants.jpg]
[www.piguetgalland.ch/app/uploads/2017/11/114449465_900x540_enfants-900x530.jpg]
[www.piguetgalland.ch/app/uploads/2017/11/132966963_S540x420Enfants-532x416.jpg]
[www.piguetgalland.ch/app/uploads/2017/08/Suzy-Guignard-02-e1502112381531-224x314.jpg]
[www.piguetgalland.ch/app/uploads/2017/06/Fotolia_132350275_Subscription_Monthly_M-400x220.jpg]
[www.piguetgalland.ch/app/uploads/2017/06/hypershelf_rendu-e1503931079626-400x220.jpg]
[www.piguetgalland.ch/app/uploads/2017/07/Transmettrepatrimoine_900x540-400x220.jpg]
[www.piguetgalland.ch/fr/projets-de-vie/assurer-lavenir-de-vos-enfants-et-les-installer-dans-la-vie/index.html]
[www.piguetgalland.ch/fr/art-test-investissement-2/index.html]
[www.piguetgalland.ch/app/uploads/2017/11/Divorce_Suisse_900x540-1.jpg]
[www.piguetgalland.ch/fr/olivier-calloud-la-gestion-du-patrimoine-dentreprise-4/index.html]
[www.piguetgalland.ch/app/uploads/2017/11/Divorce_Suisse_900x540-1-910x530.jpg]
[www.piguetgalland.ch/app/uploads/2017/11/Divorce_540x420-532x416.jpg]
[www.piguetgalland.ch/app/uploads/2017/08/DSC_1345-e1503997485663-224x314.jpg]
[www.piguetgalland.ch/app/uploads/2017/08/120625987_SinstallerneSuisseouailleurs_900x540-400x220.jpg]
[www.piguetgalland.ch/fr/projets-de-vie/se-separer-et-preserver-son-patrimoine/index.html]
[www.piguetgalland.ch/app/uploads/2017/07/Transmettrepatrimoine_900x540.jpg]
[www.piguetgalland.ch/fr/6-astuces-pour-penser-votre-prevoyance-autrement/index.html]
[www.piguetgalland.ch/app/uploads/2017/07/Transmettrepatrimoine_900x540-910x530.jpg]
[www.piguetgalland.ch/app/uploads/2017/07/TransmettrePatrimoine_540x420-532x416.jpg]
[www.piguetgalland.ch/app/uploads/2017/08/Fotolia_83882623_Subscription_Monthly_XL-e1506425818407-300x192.jpg]
[www.piguetgalland.ch/app/uploads/2017/09/Coffres-400x220.jpg]
[www.piguetgalland.ch/fr/6-lieux-design-a-visiter-en-suisse/index.html]
[www.piguetgalland.ch/app/uploads/2017/07/102010934_Transmission_entreprise_900x540-400x220.jpg]
[www.piguetgalland.ch/fr/projets-de-vie/preserver-et-transmettre-votre-patrimoine/index.html]
[www.piguetgalland.ch/app/uploads/2017/08/120625987_SinstallerneSuisseouailleurs_900x540.jpg]
[www.piguetgalland.ch/app/uploads/2017/08/120625987_SinstallerneSuisseouailleurs_900x540-910x530.jpg]
[www.piguetgalland.ch/app/uploads/2017/08/133329368_Sinstallernesuisse_540x420-532x416.jpg]
[www.piguetgalland.ch/app/uploads/2017/09/Piguet_Galland_Raizers-400x220.jpg]
[www.piguetgalland.ch/app/uploads/2017/11/96696386_optimiser_patrimoine_pro_900x540-400x220.jpg]
[www.piguetgalland.ch/fr/projets-de-vie/sinstaller-en-suisse-ou-ailleurs/index.html]
[www.piguetgalland.ch/app/uploads/2017/07/163392388_lancer_entreprise_900x540.jpg]
[www.piguetgalland.ch/fr/raizers-investment-day/index.html]
[www.piguetgalland.ch/app/uploads/2017/07/163392388_lancer_entreprise_900x540-900x530.jpg]
[www.piguetgalland.ch/app/uploads/2017/07/157744220_Lancer_Start_Up_540x420-532x416.jpg]
[www.piguetgalland.ch/app/uploads/2017/11/96696386_optimiser_patrimoine_pro_900x540-650x394.jpg]
[www.piguetgalland.ch/fr/projets-de-vie/lancer-votre-entreprise/index.html]
[www.piguetgalland.ch/app/uploads/2017/11/96696386_optimiser_patrimoine_pro_900x540.jpg]
[www.piguetgalland.ch/app/uploads/2017/11/96696386_optimiser_patrimoine_pro_900x540-900x530.jpg]
[www.piguetgalland.ch/app/uploads/2017/11/138480844_540x420-532x416.jpg]
[www.piguetgalland.ch/app/uploads/2017/07/102010934_Transmission_entreprise_900x540-650x394.jpg]
[www.piguetgalland.ch/fr/projets-de-vie/optimiser-votre-patrimoine-professionnel-et-creer-de-la-valeur/index.html]
[www.piguetgalland.ch/app/uploads/2017/07/102010934_Transmission_entreprise_900x540.jpg]
[www.piguetgalland.ch/app/uploads/2017/07/102010934_Transmission_entreprise_900x540-900x530.jpg]
[www.piguetgalland.ch/app/uploads/2017/07/Transmission_entreprise_540x420-532x416.jpg]
[www.piguetgalland.ch/app/uploads/2017/09/DSC_1171-400x220.jpg]
[www.piguetgalland.ch/app/uploads/2017/07/Morninstar.jpg]
[www.piguetgalland.ch/app/uploads/2017/07/91781017_retraite_800x540-650x394.jpg]
[www.piguetgalland.ch/app/uploads/2017/07/163392388_lancer_entreprise_900x540-400x220.jpg]
[www.piguetgalland.ch/fr/projets-de-vie/transmission-entreprise/index.html]
[www.piguetgalland.ch/app/uploads/2017/08/Fotolia_108983280_Subscription_Monthly_M.jpg]
[www.piguetgalland.ch/app/uploads/2017/08/Fotolia_108983280_Subscription_Monthly_M-910x530.jpg]
[www.piguetgalland.ch/app/uploads/2017/08/montre_profiter_de-la-vie_540x420-532x416.jpg]
[www.piguetgalland.ch/app/uploads/2017/07/163392388_lancer_entreprise_900x540-650x394.jpg]
[www.piguetgalland.ch/app/uploads/2017/07/142256645_Philantropie_900x540Flip-400x220.jpg]
[www.piguetgalland.ch/fr/projets-de-vie/profiter-de-la-vie/index.html]
[www.piguetgalland.ch/app/uploads/2017/05/Acheter_bien_immobilier_900x540.jpg]
[www.piguetgalland.ch/app/uploads/2017/05/137429107_Acquérir_un-appartement_540x420-532x416.jpg]
[www.piguetgalland.ch/app/uploads/2017/08/120625987_SinstallerneSuisseouailleurs_900x540-650x394.jpg]
[www.piguetgalland.ch/app/uploads/2017/11/101522231_900x540_Mariage-1-400x220.jpg]
[www.piguetgalland.ch/app/uploads/2017/11/114449465_900x540_enfants-400x220.jpg]
[www.piguetgalland.ch/fr/projets-de-vie/acquerir-ou-agrandir-votre-patrimoine-immobilier/index.html]
[www.piguetgalland.ch/app/uploads/2017/07/91781017_retraite_800x540.jpg]
[www.piguetgalland.ch/app/uploads/2017/07/91781017_retraite_800x540-900x530.jpg]
[www.piguetgalland.ch/app/uploads/2017/07/44197785_retraite_540x420-532x416.jpg]
[www.piguetgalland.ch/fr/projets-de-vie/assurer-votre-qualite-de-vie-au-moment-de-la-retraite/index.html]
[www.piguetgalland.ch/app/uploads/2017/07/142256645_Philantropie_900x540Flip.jpg]
[www.piguetgalland.ch/app/uploads/2017/07/142256645_Philantropie_900x540Flip-900x530.jpg]
[www.piguetgalland.ch/app/uploads/2017/07/102989797_Philanthropie_540x420-532x416.jpg]
[www.piguetgalland.ch/app/uploads/2017/07/DSC_1176-e1502178581539-300x192.jpg]
[www.piguetgalland.ch/app/uploads/2017/11/DSC_1157-400x220.jpg]
[www.piguetgalland.ch/fr/larbre-a-vent/index.html]
[www.piguetgalland.ch/app/uploads/2017/08/Fotolia_108983280_Subscription_Monthly_M-650x394.jpg]
[www.piguetgalland.ch/fr/projets-de-vie/partager-votre-succes-et-soutenir-des-initiatives-philanthropiques/index.html]
[www.piguetgalland.ch/app/uploads/2017/08/Fotolia_83882623_Subscription_Monthly_XL-e1506425818407.jpg]
[www.piguetgalland.ch/app/uploads/2017/06/Daniel-Varela-04-e1502112568231-224x314.jpg]
[www.piguetgalland.ch/app/uploads/2017/08/Advisroyteam1.jpg]
[www.piguetgalland.ch/app/uploads/2017/07/DSC_1176-e1502178581539-400x220.jpg]
[www.piguetgalland.ch/app/uploads/2017/10/Ethique-400x220.jpg]
[www.piguetgalland.ch/fr/services/investissement/index.html]
[www.piguetgalland.ch/fr/services/investissement/advisory/index.html]
[www.piguetgalland.ch/app/uploads/2017/06/fotolia_106314439-e1506414486698.jpg]
[www.piguetgalland.ch/fr/services/financement/index.html]
[www.piguetgalland.ch/fr/la-bonne-facture-ethique-du-marche-suisse/index.html]
[www.piguetgalland.ch/app/uploads/2017/08/fotolia_25441349.jpg]
[www.piguetgalland.ch/fr/services/prevoyance/index.html]
[www.piguetgalland.ch/app/uploads/2017/08/fotolia_162067706.jpg]
[www.piguetgalland.ch/fr/services/gestion-du-patrimoine-2/index.html]
[www.piguetgalland.ch/app/uploads/2017/10/DSC_0711-4096x2726.jpg]
[www.piguetgalland.ch/fr/services/clients-prives/index.html]
[www.piguetgalland.ch/app/uploads/2017/10/Yves_von_der_mühll-400x220.jpg]
[www.piguetgalland.ch/app/uploads/2017/06/DSC_0340-532x416.jpg]
[www.piguetgalland.ch/fr/1294-2/index.html]
[www.piguetgalland.ch/app/uploads/2017/06/DSC_0515-230x210.jpg]
[www.piguetgalland.ch/app/uploads/2017/08/DSC_9704-224x314.jpg]
[www.piguetgalland.ch/app/uploads/2017/06/Julien-Froidevaux-08-224x314.jpg]
[www.piguetgalland.ch/app/uploads/2017/10/Julien-Froidevaux_PiguetGalland-400x220.jpg]
[www.piguetgalland.ch/app/uploads/2017/10/Yves_vondermühll_PiguetGalland-400x220.jpg]
[www.piguetgalland.ch/fr/services/gerant-independant/index.html]
[www.piguetgalland.ch/fr/les-gerants-independants-de-piguet-galllland-sous-la-direction-de-yves-von-der-muhll/index.html]
[www.piguetgalland.ch/app/uploads/2017/07/DSC_1176-e1502178581539.jpg]
[www.piguetgalland.ch/app/uploads/2017/08/DSC_1461-e1503996950404-224x314.jpg]
[www.piguetgalland.ch/fr/services/gestion-institutionnelle/index.html]
[www.piguetgalland.ch/app/uploads/2017/06/eBanking400x220-1.jpg]
[www.piguetgalland.ch/fr/julien-froidevaux/index.html]
[www.piguetgalland.ch/app/uploads/2017/06/image9-400x220.png]
[www.piguetgalland.ch/app/uploads/2017/06/image6-400x220.png]
[www.piguetgalland.ch/app/uploads/2017/06/image8-400x220.png]
[www.piguetgalland.ch/app/uploads/2017/06/image4-400x220.png]
[www.piguetgalland.ch/fr/services/e-banking/index.html]
[www.piguetgalland.ch/app/uploads/2017/11/Investissements117784175L-510x510.jpg]
[www.piguetgalland.ch/fr/category/investissement/feed/index.html]
[www.piguetgalland.ch/app/uploads/2018/01/Lac-de-genève_neige_point-des-marchés-510x510.jpg]
[www.piguetgalland.ch/app/uploads/2017/07/fotolia_133721681-400x220.jpg]
[www.piguetgalland.ch/app/uploads/2018/01/smart-cities_montagnes.jpg]
[www.piguetgalland.ch/app/uploads/2017/12/123366447_Nosengagements-400x220.jpg]
[www.piguetgalland.ch/app/uploads/2017/12/Fotolia_101113213_Subscription_Monthly_XXL-510x510.jpg]
[www.piguetgalland.ch/app/uploads/2017/12/65840168_xl-400x220.jpg]
[www.piguetgalland.ch/fr/category/investissement/index.html]
[www.piguetgalland.ch/app/uploads/2017/06/Fotolia_106152636_Subscription_Monthly_M.jpg]
[www.piguetgalland.ch/app/uploads/2017/06/Fotolia_106152636_Subscription_Monthly_M-650x394.jpg]
[www.piguetgalland.ch/app/uploads/2017/08/Charles-224x314.jpg]
[www.piguetgalland.ch/fr/6-regles-pour-investir-en-toute-serenite/index.html]
[www.piguetgalland.ch/app/uploads/2017/07/fotolia_133721681.jpg]
[www.piguetgalland.ch/app/uploads/2018/01/Interview_Kiener_BCV_SPHERE-400x220.png]
[www.piguetgalland.ch/fr/actualites/index.html]
[www.piguetgalland.ch/fr/actualites/page/2/index.html]
[www.piguetgalland.ch/fr/nos-fonds/index.html]
[www.piguetgalland.ch/fr/interview-de-pascal-kiener-ceo-de-la-bcv/index.html]
[www.piguetgalland.ch/fr/nos-certificats/index.html]
[www.piguetgalland.ch/fr/solutions/planification-patrimoniale/index.html]
[www.piguetgalland.ch/fr/solutions/planification-financiere/index.html]
[www.piguetgalland.ch/fr/solutions/hypotheque-3/index.html]
[www.piguetgalland.ch/fr/solutions/credit-lombard/index.html]
[www.piguetgalland.ch/fr/solutions/gestion-personnalisee-lpp/index.html]
[www.piguetgalland.ch/fr/solutions/libre-passage/index.html]
[www.piguetgalland.ch/fr/solutions/le-depot-de-prevoyance-3a/index.html]
[www.piguetgalland.ch/fr/disclaimer/index.html]
[www.piguetgalland.ch/app/uploads/2017/06/header-discover.jpg]
[www.piguetgalland.ch/app/uploads/2017/06/header-discover-907x530.jpg]
[www.piguetgalland.ch/app/uploads/2017/06/118772024_Vous_340x340.jpg]
[www.piguetgalland.ch/app/uploads/2017/06/163392388_vos_attentes_340x340.jpg]
[www.piguetgalland.ch/app/uploads/2017/06/96696386_sur_mesure_340x340.jpg]
[www.piguetgalland.ch/app/uploads/2017/05/office-3-512x370.jpg]
[www.piguetgalland.ch/app/uploads/2017/05/office-2-512x370.jpg]
[www.piguetgalland.ch/app/uploads/2017/05/Galland-512x370.jpg]
[www.piguetgalland.ch/app/uploads/2017/05/history-slide-512x370.jpg]
[www.piguetgalland.ch/app/uploads/2017/06/profil-224x313.jpg]
[www.piguetgalland.ch/app/uploads/2017/06/Mich¿le-Luyet-01_224x313-e1502112533232-224x314.jpg]
[www.piguetgalland.ch/app/uploads/2017/06/Daniel-Varela-02_224x313-e1502112543620-224x314.jpg]
[www.piguetgalland.ch/app/uploads/2017/06/Carine-Casteu-9_224x313-e1502112312928-224x314.jpg]
[www.piguetgalland.ch/fr/presentation-de-piguet-galland/index.html]
[www.piguetgalland.ch/app/uploads/2017/07/123366447_Nosengagements.jpg]
[www.piguetgalland.ch/app/uploads/2017/07/123366447_Nosengagements-800x530.jpg]
[www.piguetgalland.ch/app/uploads/2017/07/120048436_340x340_vous_ecouter.jpg]
[www.piguetgalland.ch/app/uploads/2017/07/91864897_vouschallenenger_340x340.jpg]
[www.piguetgalland.ch/app/uploads/2017/07/101065653_vous_rassurer_340x340.jpg]
[www.piguetgalland.ch/app/uploads/2017/07/Art_BCV_PiguetGalland-510x510.jpg]
[www.piguetgalland.ch/app/uploads/2017/07/arbreàvent-510x510.jpg]
[www.piguetgalland.ch/fr/nos-engagements/index.html]
[www.piguetgalland.ch/app/uploads/2017/06/DSC_0502-e1502113044461-650x394.jpg]
[www.piguetgalland.ch/app/uploads/2017/06/DSC_0423-e1502113029743-800x533.jpg]
[www.piguetgalland.ch/app/uploads/2017/06/Accueil_Piguet_Galland-800x533.jpg]
[www.piguetgalland.ch/app/uploads/2017/05/office-4-800x533.jpg]
[www.piguetgalland.ch/app/uploads/2017/06/Nicolas-Dhotel_Genève-800x533.jpg]
[www.piguetgalland.ch/app/uploads/2017/06/DSC_1009-e1502112995578-800x533.jpg]
[www.piguetgalland.ch/fr/nous-contacter/index438e.html]
[www.piguetgalland.ch/app/uploads/2017/06/DSC_1136-e1502112984240-800x533.jpg]
[www.piguetgalland.ch/app/uploads/2017/06/Yverdon_800x540-800x533.jpg]
[www.piguetgalland.ch/app/uploads/2017/06/Francine_800x540-800x533.jpg]
[www.piguetgalland.ch/app/uploads/2017/06/DSC_0732-e1502112965448-800x533.jpg]
[www.piguetgalland.ch/fr/nous-contacter/index599c.html]
[www.piguetgalland.ch/app/uploads/2017/06/DSC_0720-e1502112974237-800x533.jpg]
[www.piguetgalland.ch/app/uploads/2017/06/Béatrice_Aujouannet_Lausanne-800x533.jpg]
[www.piguetgalland.ch/app/uploads/2017/06/DSC_0717-e1502112953752-800x533.jpg]
[www.piguetgalland.ch/app/uploads/2017/12/Neuchâtel800x540-800x533.jpg]
[www.piguetgalland.ch/app/uploads/2017/12/teamNeuch_800x540-800x533.jpg]
[www.piguetgalland.ch/app/uploads/2017/12/Neuchâtel_gestion-de-fortune_800x540-800x533.jpg]
[www.piguetgalland.ch/app/uploads/2017/12/PiguetGalland_Neuchâtel_banque_800x540-800x533.jpg]
[www.piguetgalland.ch/fr/nous-contacter/index17a3.html]
[www.piguetgalland.ch/app/uploads/2017/06/René_Mesot_Neuchâtel-800x533.jpg]
[www.piguetgalland.ch/app/uploads/2017/06/DSC_0630-e1502112794547-800x533.jpg]
[www.piguetgalland.ch/fr/nous-contacter/index810c.html]
[www.piguetgalland.ch/app/uploads/2017/06/Nyon-800x533.jpg]
[www.piguetgalland.ch/app/uploads/2017/06/Nyon_site-800x533.jpg]
[www.piguetgalland.ch/app/uploads/2017/06/Giacchino-Mongillo-Nyon-800x533.jpg]
[www.piguetgalland.ch/fr/nos-sites/index.html]
[www.piguetgalland.ch/fr/nous-contacter/indexaa8a.html]
[www.piguetgalland.ch/fr/category/piguet-galland/index.html]
[www.piguetgalland.ch/fr/category/piguet-galland/page/2/index.html]
[www.piguetgalland.ch/app/uploads/2017/06/Fotolia_132350275_Subscription_Monthly_M-510x510.jpg]
[www.piguetgalland.ch/fr/category/piguet-galland/feed/index.html]
[www.piguetgalland.ch/fr/category/prevoyance/feed/index.html]
[www.piguetgalland.ch/app/uploads/2017/10/Olivier_Calloud_Piguet_Galland-510x510.jpg]
[www.piguetgalland.ch/fr/category/prevoyance/index.html]
[www.piguetgalland.ch/app/uploads/2017/10/CEOPIGUETGALLAND-510x394.jpg]
[www.piguetgalland.ch/fr/category/entrepreneur/index.html]
[www.piguetgalland.ch/fr/category/entrepreneur/feed/index.html]
[www.piguetgalland.ch/fr/dans-la-peau-dun-prive-entretien-avec-olivier-calloud/index.html]
[www.piguetgalland.ch/app/uploads/2018/01/smart-cities_montagnes-397x220.jpg]
[www.piguetgalland.ch/fr/category/points-sur-les-marches/feed/index.html]
[www.piguetgalland.ch/app/uploads/2017/12/123366447_Nosengagements-510x510.jpg]
[www.piguetgalland.ch/app/uploads/2017/12/Fotolia_101113213_Subscription_Monthly_XXL-400x220.jpg]
[www.piguetgalland.ch/app/uploads/2017/12/65840168_xl-510x510.jpg]
[www.piguetgalland.ch/app/uploads/2017/11/Fotolia_38690330_Subscription_Monthly_XL-400x220.jpg]
[www.piguetgalland.ch/fr/category/points-sur-les-marches/index.html]
[www.piguetgalland.ch/app/uploads/2017/10/Julien-Froidevaux_PiguetGalland-510x510.jpg]
[www.piguetgalland.ch/fr/category/gerants-independants/feed/index.html]
[www.piguetgalland.ch/app/uploads/2017/10/Yves_vondermühll_PiguetGalland-510x510.jpg]
[www.piguetgalland.ch/fr/category/gerants-independants/index.html]
[www.piguetgalland.ch/app/uploads/2017/10/Ethique-510x394.jpg]
[www.piguetgalland.ch/fr/category/certificats-d-actions/index.html]
[www.piguetgalland.ch/fr/category/certificats-d-actions/feed/index.html]
[www.piguetgalland.ch/app/uploads/2017/11/DSC_1157-510x510.jpg]
[www.piguetgalland.ch/fr/category/durabilite/feed/index.html]
[www.piguetgalland.ch/app/uploads/2017/06/hypershelf_rendu-e1503931079626.jpg]
[www.piguetgalland.ch/fr/category/durabilite/index.html]
[www.piguetgalland.ch/app/uploads/2017/09/Coffres-510x439.jpg]
[www.piguetgalland.ch/fr/category/art-design/index.html]
[www.piguetgalland.ch/fr/category/art-design/feed/index.html]
[www.piguetgalland.ch/app/uploads/2018/01/MaximePallain-400x220.jpg]
[www.piguetgalland.ch/fr/cat_event/piguet-galland/index.html]
[www.piguetgalland.ch/fr/cat_event/investissement/index.html]
[www.piguetgalland.ch/fr/cat_event/piguet-galland/feed/index.html]
[www.piguetgalland.ch/app/uploads/2018/01/cropped-cropped-MaximePallain.jpg]
[www.piguetgalland.ch/fr/events/raizers-investment-day-7-fevrier-a-geneve/index.html]
[www.piguetgalland.ch/fr/agenda/index.html]
[www.piguetgalland.ch/fr/lancement-du-certificat-dactions-helv-ethic/index.html]
[www.piguetgalland.ch/fr/point-sur-les-marches-29-janvier-2018/index.html]
[www.piguetgalland.ch/fr/cat_event/investissement/feed/index.html]
[www.piguetgalland.ch/app/uploads/2017/08/prevoyance.jpg]
[www.piguetgalland.ch/app/uploads/2017/08/prevoyance-510x510.jpg]
[www.piguetgalland.ch/app/uploads/2017/08/prevoyance-650x394.jpg]
[www.piguetgalland.ch/fr/optimiser-son-patrimoine-grace-a-la-prevoyance-professionnelle/index.html]
[www.piguetgalland.ch/fr/plan-du-site/index.html]
[www.piguetgalland.ch/fr/conditions-dutilisation/index.html]
[www.piguetgalland.ch/fr/fatca/index.html]
[www.piguetgalland.ch/app/themes/piguet-galland/fonts/suisse_neue/SuisseNeue-Light-WebS.svg]
[www.piguetgalland.ch/app/themes/piguet-galland/fonts/icons/icomoonde5e.svg]
[www.piguetgalland.ch/app/themes/piguet-galland/mCSB_buttons.html]
[www.piguetgalland.ch/fr/etre-contacte/index.html]
[www.piguetgalland.ch/fr/conditions-utilisation-ebanking/index.html]
[www.piguetgalland.ch/app/uploads/2017/11/L1050524-910x530.jpg]
[www.piguetgalland.ch/fr/cookies/index.html]
[www.piguetgalland.ch/app/uploads/2017/11/Investissements117784175L-400x220.jpg]
[www.piguetgalland.ch/app/uploads/2017/11/101522231_900x540_Mariage-1-900x530.jpg]
[www.piguetgalland.ch/fr/piguet-galland-la-mode/index.html]
[www.piguetgalland.ch/app/uploads/2017/11/101522231_900x540_Mariage-1.jpg]
[www.piguetgalland.ch/app/uploads/2017/10/Olivier_Calloud_Piguet_Galland.jpg]
[www.piguetgalland.ch/app/uploads/2018/01/Fotolia_186756507_Subscription_Monthly_M-400x220.jpg]
[www.piguetgalland.ch/fr/le-divorce-un-impact-plus-negatif-que-le-brexit-sur-votre-patrimoine/index.html]
[www.piguetgalland.ch/app/uploads/2017/06/Fotolia_132350275_Subscription_Monthly_M.jpg]
[www.piguetgalland.ch/fr/beatrice-aujouannet-directrice-du-developpement-commercial/index.html]
[www.piguetgalland.ch/app/uploads/2017/06/Fotolia_132350275_Subscription_Monthly_M-650x394.jpg]
[www.piguetgalland.ch/fr/art-test-investissement-2/index.html]
[www.piguetgalland.ch/app/uploads/2017/06/hypershelf_protrait_low-200x300.jpg]
[www.piguetgalland.ch/fr/olivier-calloud-la-gestion-du-patrimoine-dentreprise-4/index.html]
[www.piguetgalland.ch/app/uploads/2017/08/prevoyance-300x200.jpg]
[www.piguetgalland.ch/fr/6-astuces-pour-penser-votre-prevoyance-autrement/index.html]
[www.piguetgalland.ch/app/uploads/2017/09/Coffres.jpg]
[www.piguetgalland.ch/app/uploads/2017/08/DSC_0536-e1503415429814-600x394.jpg]
[www.piguetgalland.ch/app/uploads/2017/09/PG_000501-224x300.jpg]
[www.piguetgalland.ch/app/uploads/2017/09/DSC_0383-300x200.jpg]
[www.piguetgalland.ch/fr/6-lieux-design-a-visiter-en-suisse/index.html]
[www.piguetgalland.ch/app/uploads/2017/09/Piguet_Galland_Raizers.jpg]
[www.piguetgalland.ch/app/uploads/2017/09/Piguet_Galland_Raizers-300x151.jpg]
[www.piguetgalland.ch/fr/raizers-investment-day/index.html]
[www.piguetgalland.ch/fr/point-sur-les-marches-11-septembre-2017/index.html]
[www.piguetgalland.ch/fr/market-insights-no-49-may-22nd-2017-3/index.html]
[www.piguetgalland.ch/app/uploads/2017/05/Acheter_bien_immobilier_900x540-900x530.jpg]
[www.piguetgalland.ch/app/uploads/2017/11/DSC_1157.jpg]
[www.piguetgalland.ch/app/uploads/2017/11/L1050524-650x394.jpg]
[www.piguetgalland.ch/fr/larbre-a-vent/index.html]
[www.piguetgalland.ch/app/uploads/2017/10/Advisory2.jpg]
[www.piguetgalland.ch/fr/services/investissement/advisory/index.html]
[www.piguetgalland.ch/fr/fonds/piguet-fund-actions-suisse-chf/index.html]
[www.piguetgalland.ch/fr/fonds/piguet-fund-actions-japon-jpy/index.html]
[www.piguetgalland.ch/fr/fonds/piguet-fund-actions-pan-europe/index.html]
[www.piguetgalland.ch/app/uploads/2017/10/Ethique-591x394.jpg]
[www.piguetgalland.ch/fr/la-bonne-facture-ethique-du-marche-suisse/index.html]
[www.piguetgalland.ch/app/uploads/2017/10/Yves_von_der_mühll.jpg]
[www.piguetgalland.ch/fr/1294-2/index.html]
[www.piguetgalland.ch/app/uploads/2017/10/Julien-Froidevaux_PiguetGalland-650x394.jpg]
[www.piguetgalland.ch/fr/julien-froidevaux/index.html]
[www.piguetgalland.ch/app/uploads/2017/10/Yves_vondermühll_PiguetGalland.jpg]
[www.piguetgalland.ch/app/uploads/2017/10/Yves_vondermühll_PiguetGalland-650x394.jpg]
[www.piguetgalland.ch/fr/les-gerants-independants-de-piguet-galllland-sous-la-direction-de-yves-von-der-muhll/index.html]
[www.piguetgalland.ch/fr/category/investissement/page/2/index.html]
[www.piguetgalland.ch/fr/point-sur-les-marches-22-janvier-2018/index.html]
[www.piguetgalland.ch/fr/point-sur-les-marches-15-janvier-2018/index.html]
[www.piguetgalland.ch/fr/point-sur-les-marches-8-janvier-2018/index.html]
[www.piguetgalland.ch/fr/point-sur-les-marches-18-decembre-2017/index.html]
[www.piguetgalland.ch/fr/point-sur-les-marches-11-decembre-2107/index.html]
[www.piguetgalland.ch/fr/point-sur-les-marches-4-decembre-2017/index.html]
[www.piguetgalland.ch/app/uploads/2017/06/image5-400x220.png]
[www.piguetgalland.ch/app/uploads/2018/01/Mumode-510x510.jpg]
[www.piguetgalland.ch/app/uploads/2018/01/Interview_Kiener_BCV_SPHERE.png]
[www.piguetgalland.ch/app/uploads/2018/01/Interview_Kiener_BCV_SPHERE-300x283.png]
[www.piguetgalland.ch/fr/interview-de-pascal-kiener-ceo-de-la-bcv/index.html]
[www.piguetgalland.ch/app/uploads/2017/12/IMG_1521-510x510.jpg]
[www.piguetgalland.ch/fr/actualites/page/2/index.html]
[www.piguetgalland.ch/fr/disclaimer/index.html]
[www.piguetgalland.ch/fr/nous-contacter/index438e.html]
[www.piguetgalland.ch/fr/nous-contacter/index599c.html]
[www.piguetgalland.ch/fr/nous-contacter/index17a3.html]
[www.piguetgalland.ch/fr/nous-contacter/index810c.html]
[www.piguetgalland.ch/fr/nous-contacter/indexaa8a.html]
[www.piguetgalland.ch/fr/category/piguet-galland/page/2/index.html]
[www.piguetgalland.ch/fr/actualites/page/3/index.html]
[www.piguetgalland.ch/app/uploads/2017/10/CEOPIGUETGALLAND.jpg]
[www.piguetgalland.ch/fr/category/piguet-galland/page/3/index.html]
[www.piguetgalland.ch/app/uploads/2017/10/Olivier_Calloud_CEO-591x394.jpg]
[www.piguetgalland.ch/fr/dans-la-peau-dun-prive-entretien-avec-olivier-calloud/index.html]
[www.piguetgalland.ch/fr/point-sur-les-marches-27-novembre-2017/index.html]
[www.piguetgalland.ch/fr/category/points-sur-les-marches/page/2/index.html]
[www.piguetgalland.ch/fr/conditions-utilisation-ebanking/index.html]
[www.piguetgalland.ch/fr/cookies/index.html]
[www.piguetgalland.ch/fr/strategie-dinvestissement-1er-trimestre-2018/index.html]
[www.piguetgalland.ch/app/uploads/2018/01/Mumode.jpg]
[www.piguetgalland.ch/fr/piguet-galland-la-mode/index.html]
[www.piguetgalland.ch/app/uploads/2017/11/B®atrice-Aujouannet-01-200x300.jpg]
[www.piguetgalland.ch/fr/beatrice-aujouannet-directrice-du-developpement-commercial/index.html]
[www.piguetgalland.ch/fr/market-insights-no-49-may-22nd-2017-2/index.html]
[www.piguetgalland.ch/fr/point-sur-les-marches-13-novembre-2017/index.html]
[www.piguetgalland.ch/app/uploads/2017/09/Piguet_Galland_Raizers-510x437.jpg]
[www.piguetgalland.ch/fr/actualites/page/3/index.html]
[www.piguetgalland.ch/fr/category/piguet-galland/page/3/index.html]
[www.piguetgalland.ch/app/uploads/2017/06/Béatrice_Aujouannet_Lausanne.jpg]
[www.piguetgalland.ch/fr/actualites/page/4/index.html]
[www.piguetgalland.ch/app/uploads/2017/06/hypershelf_rendu-300x200.jpg]
[www.piguetgalland.ch/app/uploads/2017/10/Ethique.jpg]
[www.piguetgalland.ch/app/uploads/2017/10/Yves_von_der_mühll-650x394.jpg]
[www.piguetgalland.ch/app/uploads/2018/01/Lac-de-genève_neige_point-des-marchés-400x220.jpg]
[www.piguetgalland.ch/app/uploads/2017/10/Julien-Froidevaux_PiguetGalland.jpg]
[www.piguetgalland.ch/fr/la-banque-piguet-galland-teste-les-millennials/index.html]
[www.piguetgalland.ch/app/uploads/2017/11/Fotolia_38690330_Subscription_Monthly_XL-510x510.jpg]
[www.piguetgalland.ch/app/uploads/2017/11/66198058_xl-1-510x510.jpg]
[www.piguetgalland.ch/app/uploads/2017/07/thomas-richter-56177-510x510.jpg]
[www.piguetgalland.ch/fr/actualites/page/4/index.html]
[www.piguetgalland.ch/fr/category/piguet-galland/page/4/index.html]
[www.piguetgalland.ch/app/uploads/2017/12/IMG_1521.jpg]
[www.piguetgalland.ch/app/uploads/2017/12/RE_IMG_3749-650x394.jpg]
[www.piguetgalland.ch/fr/la-banque-piguet-galland-teste-les-millennials/index.html]
[www.piguetgalland.ch/fr/strategie-dinvestissement-4eme-trimestre-2017/index.html]
[www.piguetgalland.ch/app/uploads/2017/06/Béatrice_Aujouannet_Lausanne-510x510.jpg]
[www.piguetgalland.ch/app/uploads/2017/06/Fotolia_106152636_Subscription_Monthly_M-510x510.jpg]
[www.piguetgalland.ch/fr/actualites/page/5/index.html]
[www.piguetgalland.ch/app/uploads/2017/07/DSC_0377-510x510.jpg]
[www.piguetgalland.ch/fr/actualites/page/5/index.html]
